Analysis & Synthesis report for stop_watch_top
Fri May 24 11:31:05 2019
Quartus Prime Version 18.1.0 Build 625 09/12/2018 SJ Lite Edition


---------------------
; Table of Contents ;
---------------------
  1. Legal Notice
  2. Analysis & Synthesis Summary
  3. Analysis & Synthesis Settings
  4. Parallel Compilation
  5. Analysis & Synthesis Source Files Read
  6. Analysis & Synthesis Resource Usage Summary
  7. Analysis & Synthesis Resource Utilization by Entity
  8. Registers Removed During Synthesis
  9. General Register Statistics
 10. Inverted Register Statistics
 11. Physical Synthesis Netlist Optimizations
 12. Multiplexer Restructuring Statistics (Restructuring Performed)
 13. Post-Synthesis Netlist Statistics for Top Partition
 14. Elapsed Time Per Partition
 15. Analysis & Synthesis Messages



----------------
; Legal Notice ;
----------------
Copyright (C) 2018  Intel Corporation. All rights reserved.
Your use of Intel Corporation's design tools, logic functions 
and other software and tools, and its AMPP partner logic 
functions, and any output files from any of the foregoing 
(including device programming or simulation files), and any 
associated documentation or information are expressly subject 
to the terms and conditions of the Intel Program License 
Subscription Agreement, the Intel Quartus Prime License Agreement,
the Intel FPGA IP License Agreement, or other applicable license
agreement, including, without limitation, that your use is for
the sole purpose of programming logic devices manufactured by
Intel and sold by Intel or its authorized distributors.  Please
refer to the applicable agreement for further details.



+----------------------------------------------------------------------------------+
; Analysis & Synthesis Summary                                                     ;
+------------------------------------+---------------------------------------------+
; Analysis & Synthesis Status        ; Successful - Fri May 24 11:31:05 2019       ;
; Quartus Prime Version              ; 18.1.0 Build 625 09/12/2018 SJ Lite Edition ;
; Revision Name                      ; stop_watch_top                              ;
; Top-level Entity Name              ; stop_watch_top                              ;
; Family                             ; Cyclone IV E                                ;
; Total logic elements               ; 97                                          ;
;     Total combinational functions  ; 91                                          ;
;     Dedicated logic registers      ; 47                                          ;
; Total registers                    ; 47                                          ;
; Total pins                         ; 32                                          ;
; Total virtual pins                 ; 0                                           ;
; Total memory bits                  ; 0                                           ;
; Embedded Multiplier 9-bit elements ; 0                                           ;
; Total PLLs                         ; 0                                           ;
+------------------------------------+---------------------------------------------+


+------------------------------------------------------------------------------------------------------------+
; Analysis & Synthesis Settings                                                                              ;
+------------------------------------------------------------------+--------------------+--------------------+
; Option                                                           ; Setting            ; Default Value      ;
+------------------------------------------------------------------+--------------------+--------------------+
; Device                                                           ; EP4CE115F29C7      ;                    ;
; Top-level entity name                                            ; stop_watch_top     ; stop_watch_top     ;
; Family name                                                      ; Cyclone IV E       ; Cyclone V          ;
; Optimization Technique                                           ; Speed              ; Balanced           ;
; Use smart compilation                                            ; Off                ; Off                ;
; Enable parallel Assembler and Timing Analyzer during compilation ; On                 ; On                 ;
; Enable compact report table                                      ; Off                ; Off                ;
; Restructure Multiplexers                                         ; Auto               ; Auto               ;
; Create Debugging Nodes for IP Cores                              ; Off                ; Off                ;
; Preserve fewer node names                                        ; On                 ; On                 ;
; Intel FPGA IP Evaluation Mode                                    ; Enable             ; Enable             ;
; Verilog Version                                                  ; Verilog_2001       ; Verilog_2001       ;
; VHDL Version                                                     ; VHDL_1993          ; VHDL_1993          ;
; State Machine Processing                                         ; Auto               ; Auto               ;
; Safe State Machine                                               ; Off                ; Off                ;
; Extract Verilog State Machines                                   ; On                 ; On                 ;
; Extract VHDL State Machines                                      ; On                 ; On                 ;
; Ignore Verilog initial constructs                                ; Off                ; Off                ;
; Iteration limit for constant Verilog loops                       ; 5000               ; 5000               ;
; Iteration limit for non-constant Verilog loops                   ; 250                ; 250                ;
; Add Pass-Through Logic to Inferred RAMs                          ; On                 ; On                 ;
; Infer RAMs from Raw Logic                                        ; On                 ; On                 ;
; Parallel Synthesis                                               ; On                 ; On                 ;
; DSP Block Balancing                                              ; Auto               ; Auto               ;
; NOT Gate Push-Back                                               ; On                 ; On                 ;
; Power-Up Don't Care                                              ; On                 ; On                 ;
; Remove Redundant Logic Cells                                     ; Off                ; Off                ;
; Remove Duplicate Registers                                       ; On                 ; On                 ;
; Ignore CARRY Buffers                                             ; Off                ; Off                ;
; Ignore CASCADE Buffers                                           ; Off                ; Off                ;
; Ignore GLOBAL Buffers                                            ; Off                ; Off                ;
; Ignore ROW GLOBAL Buffers                                        ; Off                ; Off                ;
; Ignore LCELL Buffers                                             ; Off                ; Off                ;
; Ignore SOFT Buffers                                              ; On                 ; On                 ;
; Limit AHDL Integers to 32 Bits                                   ; Off                ; Off                ;
; Carry Chain Length                                               ; 70                 ; 70                 ;
; Auto Carry Chains                                                ; On                 ; On                 ;
; Auto Open-Drain Pins                                             ; On                 ; On                 ;
; Perform WYSIWYG Primitive Resynthesis                            ; Off                ; Off                ;
; Auto ROM Replacement                                             ; On                 ; On                 ;
; Auto RAM Replacement                                             ; On                 ; On                 ;
; Auto DSP Block Replacement                                       ; On                 ; On                 ;
; Auto Shift Register Replacement                                  ; Auto               ; Auto               ;
; Allow Shift Register Merging across Hierarchies                  ; Auto               ; Auto               ;
; Auto Clock Enable Replacement                                    ; On                 ; On                 ;
; Strict RAM Replacement                                           ; Off                ; Off                ;
; Allow Synchronous Control Signals                                ; On                 ; On                 ;
; Force Use of Synchronous Clear Signals                           ; Off                ; Off                ;
; Auto RAM Block Balancing                                         ; On                 ; On                 ;
; Auto RAM to Logic Cell Conversion                                ; Off                ; Off                ;
; Auto Resource Sharing                                            ; Off                ; Off                ;
; Allow Any RAM Size For Recognition                               ; Off                ; Off                ;
; Allow Any ROM Size For Recognition                               ; Off                ; Off                ;
; Allow Any Shift Register Size For Recognition                    ; Off                ; Off                ;
; Use LogicLock Constraints during Resource Balancing              ; On                 ; On                 ;
; Ignore translate_off and synthesis_off directives                ; Off                ; Off                ;
; Timing-Driven Synthesis                                          ; On                 ; On                 ;
; Report Parameter Settings                                        ; On                 ; On                 ;
; Report Source Assignments                                        ; On                 ; On                 ;
; Report Connectivity Checks                                       ; On                 ; On                 ;
; Ignore Maximum Fan-Out Assignments                               ; Off                ; Off                ;
; Synchronization Register Chain Length                            ; 2                  ; 2                  ;
; Power Optimization During Synthesis                              ; Normal compilation ; Normal compilation ;
; HDL message level                                                ; Level2             ; Level2             ;
; Suppress Register Optimization Related Messages                  ; Off                ; Off                ;
; Number of Removed Registers Reported in Synthesis Report         ; 5000               ; 5000               ;
; Number of Swept Nodes Reported in Synthesis Report               ; 5000               ; 5000               ;
; Number of Inverted Registers Reported in Synthesis Report        ; 100                ; 100                ;
; Clock MUX Protection                                             ; On                 ; On                 ;
; Auto Gated Clock Conversion                                      ; Off                ; Off                ;
; Block Design Naming                                              ; Auto               ; Auto               ;
; SDC constraint protection                                        ; Off                ; Off                ;
; Synthesis Effort                                                 ; Auto               ; Auto               ;
; Shift Register Replacement - Allow Asynchronous Clear Signal     ; On                 ; On                 ;
; Pre-Mapping Resynthesis Optimization                             ; Off                ; Off                ;
; Analysis & Synthesis Message Level                               ; Medium             ; Medium             ;
; Disable Register Merging Across Hierarchies                      ; Auto               ; Auto               ;
; Resource Aware Inference For Block RAM                           ; On                 ; On                 ;
+------------------------------------------------------------------+--------------------+--------------------+


+------------------------------------------+
; Parallel Compilation                     ;
+----------------------------+-------------+
; Processors                 ; Number      ;
+----------------------------+-------------+
; Number detected on machine ; 8           ;
; Maximum allowed            ; 4           ;
;                            ;             ;
; Average used               ; 1.00        ;
; Maximum used               ; 4           ;
;                            ;             ;
; Usage by Processor         ; % Time Used ;
;     Processor 1            ; 100.0%      ;
;     Processors 2-4         ;   0.0%      ;
+----------------------------+-------------+


+------------------------------------------------------------------------------------------------------------------------------------------------------------------------------------+
; Analysis & Synthesis Source Files Read                                                                                                                                             ;
+----------------------------------+-----------------+-----------------+---------------------------------------------------------------------------------------------------+---------+
; File Name with User-Entered Path ; Used in Netlist ; File Type       ; File Name with Absolute Path                                                                      ; Library ;
+----------------------------------+-----------------+-----------------+---------------------------------------------------------------------------------------------------+---------+
; ../src/sw_input.vhd              ; yes             ; User VHDL File  ; C:/Users/mbin9/Documents/VScode/vhdl-design/11th-week/excrecize/stop_watch/src/sw_input.vhd       ;         ;
; ../src/stop_watch_top.vhd        ; yes             ; User VHDL File  ; C:/Users/mbin9/Documents/VScode/vhdl-design/11th-week/excrecize/stop_watch/src/stop_watch_top.vhd ;         ;
; ../src/state_m.vhd               ; yes             ; User VHDL File  ; C:/Users/mbin9/Documents/VScode/vhdl-design/11th-week/excrecize/stop_watch/src/state_m.vhd        ;         ;
; ../src/seg_drv.vhd               ; yes             ; User VHDL File  ; C:/Users/mbin9/Documents/VScode/vhdl-design/11th-week/excrecize/stop_watch/src/seg_drv.vhd        ;         ;
; ../src/cnt.vhd                   ; yes             ; User VHDL File  ; C:/Users/mbin9/Documents/VScode/vhdl-design/11th-week/excrecize/stop_watch/src/cnt.vhd            ;         ;
+----------------------------------+-----------------+-----------------+---------------------------------------------------------------------------------------------------+---------+


+---------------------------------------------------------+
; Analysis & Synthesis Resource Usage Summary             ;
+---------------------------------------------+-----------+
; Resource                                    ; Usage     ;
+---------------------------------------------+-----------+
; Estimated Total logic elements              ; 97        ;
;                                             ;           ;
; Total combinational functions               ; 91        ;
; Logic element usage by number of LUT inputs ;           ;
;     -- 4 input functions                    ; 46        ;
;     -- 3 input functions                    ; 10        ;
;     -- <=2 input functions                  ; 35        ;
;                                             ;           ;
; Logic elements by mode                      ;           ;
;     -- normal mode                          ; 78        ;
;     -- arithmetic mode                      ; 13        ;
;                                             ;           ;
; Total registers                             ; 47        ;
;     -- Dedicated logic registers            ; 47        ;
;     -- I/O registers                        ; 0         ;
;                                             ;           ;
; I/O pins                                    ; 32        ;
;                                             ;           ;
; Embedded Multiplier 9-bit elements          ; 0         ;
;                                             ;           ;
; Maximum fan-out node                        ; CLK~input ;
; Maximum fan-out                             ; 47        ;
; Total fan-out                               ; 475       ;
; Average fan-out                             ; 2.35      ;
+---------------------------------------------+-----------+


+-----------------------------------------------------------------------------------------------------------------------------------------------------------------------------------------------------------------------------------+
; Analysis & Synthesis Resource Utilization by Entity                                                                                                                                                                               ;
+------------------------------+---------------------+---------------------------+-------------+--------------+---------+-----------+------+--------------+-----------------------------------------+----------------+--------------+
; Compilation Hierarchy Node   ; Combinational ALUTs ; Dedicated Logic Registers ; Memory Bits ; DSP Elements ; DSP 9x9 ; DSP 18x18 ; Pins ; Virtual Pins ; Full Hierarchy Name                     ; Entity Name    ; Library Name ;
+------------------------------+---------------------+---------------------------+-------------+--------------+---------+-----------+------+--------------+-----------------------------------------+----------------+--------------+
; |stop_watch_top              ; 91 (0)              ; 47 (0)                    ; 0           ; 0            ; 0       ; 0         ; 32   ; 0            ; |stop_watch_top                         ; stop_watch_top ; work         ;
;    |cnt:CNT_0|               ; 57 (57)             ; 35 (35)                   ; 0           ; 0            ; 0       ; 0         ; 0    ; 0            ; |stop_watch_top|cnt:CNT_0               ; cnt            ; work         ;
;    |seg_drv:SEG_DRV_1S|      ; 7 (7)               ; 0 (0)                     ; 0           ; 0            ; 0       ; 0         ; 0    ; 0            ; |stop_watch_top|seg_drv:SEG_DRV_1S      ; seg_drv        ; work         ;
;    |seg_drv:SEG_DRV_P01S|    ; 7 (7)               ; 0 (0)                     ; 0           ; 0            ; 0       ; 0         ; 0    ; 0            ; |stop_watch_top|seg_drv:SEG_DRV_P01S    ; seg_drv        ; work         ;
;    |seg_drv:SEG_DRV_P1S|     ; 7 (7)               ; 0 (0)                     ; 0           ; 0            ; 0       ; 0         ; 0    ; 0            ; |stop_watch_top|seg_drv:SEG_DRV_P1S     ; seg_drv        ; work         ;
;    |state_m:STATE_M_0|       ; 3 (3)               ; 2 (2)                     ; 0           ; 0            ; 0       ; 0         ; 0    ; 0            ; |stop_watch_top|state_m:STATE_M_0       ; state_m        ; work         ;
;    |sw_input:SW_INPUT_START| ; 5 (5)               ; 5 (5)                     ; 0           ; 0            ; 0       ; 0         ; 0    ; 0            ; |stop_watch_top|sw_input:SW_INPUT_START ; sw_input       ; work         ;
;    |sw_input:SW_INPUT_STOP|  ; 5 (5)               ; 5 (5)                     ; 0           ; 0            ; 0       ; 0         ; 0    ; 0            ; |stop_watch_top|sw_input:SW_INPUT_STOP  ; sw_input       ; work         ;
+------------------------------+---------------------+---------------------------+-------------+--------------+---------+-----------+------+--------------+-----------------------------------------+----------------+--------------+
Note: For table entries with two numbers listed, the numbers in parentheses indicate the number of resources of the given type used by the specific entity alone. The numbers listed outside of parentheses indicate the total resources of the given type used by the specific entity and all of its sub-entities in the hierarchy.


+--------------------------------------------------------------------------------+
; Registers Removed During Synthesis                                             ;
+---------------------------------------+----------------------------------------+
; Register name                         ; Reason for Removal                     ;
+---------------------------------------+----------------------------------------+
; cnt:CNT_0|tmp_cnt_10s[0..3]           ; Stuck at GND due to stuck port data_in ;
; Total Number of Removed Registers = 4 ;                                        ;
+---------------------------------------+----------------------------------------+


+------------------------------------------------------+
; General Register Statistics                          ;
+----------------------------------------------+-------+
; Statistic                                    ; Value ;
+----------------------------------------------+-------+
; Total registers                              ; 47    ;
; Number of registers using Synchronous Clear  ; 0     ;
; Number of registers using Synchronous Load   ; 0     ;
; Number of registers using Asynchronous Clear ; 47    ;
; Number of registers using Asynchronous Load  ; 0     ;
; Number of registers using Clock Enable       ; 0     ;
; Number of registers using Preset             ; 0     ;
+----------------------------------------------+-------+


+--------------------------------------------------+
; Inverted Register Statistics                     ;
+----------------------------------------+---------+
; Inverted Register                      ; Fan out ;
+----------------------------------------+---------+
; sw_input:SW_INPUT_START|SW_CLR         ; 2       ;
; sw_input:SW_INPUT_STOP|SW_CLR          ; 2       ;
; sw_input:SW_INPUT_START|sw_in_1d       ; 3       ;
; sw_input:SW_INPUT_STOP|sw_in_1d        ; 3       ;
; Total number of inverted registers = 4 ;         ;
+----------------------------------------+---------+


+-------------------------------------------------------------------------------+
; Physical Synthesis Netlist Optimizations                                      ;
+--------------------------------------+------------------+---------------------+
; Node                                 ; Action           ; Reason              ;
+--------------------------------------+------------------+---------------------+
; cnt:CNT_0|tmp_cnt[0]_OTERM1          ; Retimed Register ; Timing optimization ;
; cnt:CNT_0|tmp_cnt[0]~15              ; Modified         ; Timing optimization ;
; cnt:CNT_0|tmp_cnt[1]_OTERM27         ; Retimed Register ; Timing optimization ;
; cnt:CNT_0|tmp_cnt[2]_OTERM25         ; Retimed Register ; Timing optimization ;
; cnt:CNT_0|tmp_cnt[3]_OTERM23         ; Retimed Register ; Timing optimization ;
; cnt:CNT_0|tmp_cnt[4]_OTERM21         ; Retimed Register ; Timing optimization ;
; cnt:CNT_0|tmp_cnt[5]_OTERM19         ; Retimed Register ; Timing optimization ;
; cnt:CNT_0|tmp_cnt[6]_OTERM17         ; Retimed Register ; Timing optimization ;
; cnt:CNT_0|tmp_cnt[7]_OTERM15         ; Retimed Register ; Timing optimization ;
; cnt:CNT_0|tmp_cnt[8]_OTERM13         ; Retimed Register ; Timing optimization ;
; cnt:CNT_0|tmp_cnt[9]_OTERM11         ; Retimed Register ; Timing optimization ;
; cnt:CNT_0|tmp_cnt[10]_OTERM9         ; Retimed Register ; Timing optimization ;
; cnt:CNT_0|tmp_cnt[11]_OTERM7         ; Retimed Register ; Timing optimization ;
; cnt:CNT_0|tmp_cnt[12]_OTERM5         ; Retimed Register ; Timing optimization ;
; cnt:CNT_0|tmp_cnt[13]_OTERM3         ; Retimed Register ; Timing optimization ;
; cnt:CNT_0|tmp_cnt_1s[0]_OTERM45      ; Retimed Register ; Timing optimization ;
; cnt:CNT_0|tmp_cnt_1s[0]~4            ; Deleted          ; Timing optimization ;
; cnt:CNT_0|tmp_cnt_1s[1]_OTERM43      ; Retimed Register ; Timing optimization ;
; cnt:CNT_0|tmp_cnt_1s[2]              ; Deleted          ; Timing optimization ;
; cnt:CNT_0|tmp_cnt_1s[2]_OTERM47      ; Retimed Register ; Timing optimization ;
; cnt:CNT_0|tmp_cnt_1s[2]_OTERM49      ; Retimed Register ; Timing optimization ;
; cnt:CNT_0|tmp_cnt_1s[2]_OTERM51      ; Retimed Register ; Timing optimization ;
; cnt:CNT_0|tmp_cnt_1s[2]_OTERM53      ; Retimed Register ; Timing optimization ;
; cnt:CNT_0|tmp_cnt_1s[3]_OTERM41      ; Retimed Register ; Timing optimization ;
; cnt:CNT_0|tmp_cnt_p1s[0]_OTERM39     ; Retimed Register ; Timing optimization ;
; cnt:CNT_0|tmp_cnt_p1s[0]~4           ; Deleted          ; Timing optimization ;
; cnt:CNT_0|tmp_cnt_p1s[1]_OTERM37     ; Retimed Register ; Timing optimization ;
; cnt:CNT_0|tmp_cnt_p1s[2]             ; Deleted          ; Timing optimization ;
; cnt:CNT_0|tmp_cnt_p1s[2]_OTERM63     ; Retimed Register ; Timing optimization ;
; cnt:CNT_0|tmp_cnt_p1s[2]_OTERM65     ; Retimed Register ; Timing optimization ;
; cnt:CNT_0|tmp_cnt_p1s[2]_OTERM67     ; Retimed Register ; Timing optimization ;
; cnt:CNT_0|tmp_cnt_p1s[2]_OTERM69     ; Retimed Register ; Timing optimization ;
; cnt:CNT_0|tmp_cnt_p1s[3]_OTERM35     ; Retimed Register ; Timing optimization ;
; cnt:CNT_0|tmp_cnt_p01s[0]_OTERM33    ; Retimed Register ; Timing optimization ;
; cnt:CNT_0|tmp_cnt_p01s[0]~4          ; Deleted          ; Timing optimization ;
; cnt:CNT_0|tmp_cnt_p01s[1]_OTERM31    ; Retimed Register ; Timing optimization ;
; cnt:CNT_0|tmp_cnt_p01s[2]            ; Deleted          ; Timing optimization ;
; cnt:CNT_0|tmp_cnt_p01s[2]_OTERM55    ; Retimed Register ; Timing optimization ;
; cnt:CNT_0|tmp_cnt_p01s[2]_OTERM57    ; Retimed Register ; Timing optimization ;
; cnt:CNT_0|tmp_cnt_p01s[2]_OTERM59    ; Retimed Register ; Timing optimization ;
; cnt:CNT_0|tmp_cnt_p01s[2]_OTERM61    ; Retimed Register ; Timing optimization ;
; cnt:CNT_0|tmp_cnt_p01s[3]_OTERM29    ; Retimed Register ; Timing optimization ;
; seg_drv:SEG_DRV_1S|Mux0~0            ; Deleted          ; Timing optimization ;
; seg_drv:SEG_DRV_1S|Mux0~0_wirecell   ; Modified         ; Timing optimization ;
; seg_drv:SEG_DRV_P1S|Mux0~0           ; Deleted          ; Timing optimization ;
; seg_drv:SEG_DRV_P1S|Mux0~0_wirecell  ; Modified         ; Timing optimization ;
; seg_drv:SEG_DRV_P01S|Mux0~0          ; Deleted          ; Timing optimization ;
; seg_drv:SEG_DRV_P01S|Mux0~0_wirecell ; Modified         ; Timing optimization ;
+--------------------------------------+------------------+---------------------+


+-----------------------------------------------------------------------------------------------------------------------------------------------------------------+
; Multiplexer Restructuring Statistics (Restructuring Performed)                                                                                                  ;
+--------------------+-----------+---------------+----------------------+------------------------+------------+---------------------------------------------------+
; Multiplexer Inputs ; Bus Width ; Baseline Area ; Area if Restructured ; Saving if Restructured ; Registered ; Example Multiplexer Output                        ;
+--------------------+-----------+---------------+----------------------+------------------------+------------+---------------------------------------------------+
; 3:1                ; 4 bits    ; 8 LEs         ; 4 LEs                ; 4 LEs                  ; Yes        ; |stop_watch_top|cnt:CNT_0|tmp_cnt_10s[3]          ;
; 3:1                ; 14 bits   ; 28 LEs        ; 14 LEs               ; 14 LEs                 ; Yes        ; |stop_watch_top|cnt:CNT_0|tmp_cnt[13]             ;
; 3:1                ; 3 bits    ; 6 LEs         ; 3 LEs                ; 3 LEs                  ; Yes        ; |stop_watch_top|sw_input:SW_INPUT_STOP|sw_cnt[2]  ;
; 3:1                ; 3 bits    ; 6 LEs         ; 3 LEs                ; 3 LEs                  ; Yes        ; |stop_watch_top|sw_input:SW_INPUT_START|sw_cnt[2] ;
; 5:1                ; 2 bits    ; 6 LEs         ; 4 LEs                ; 2 LEs                  ; Yes        ; |stop_watch_top|state_m:STATE_M_0|tmp_state[1]    ;
+--------------------+-----------+---------------+----------------------+------------------------+------------+---------------------------------------------------+


+-----------------------------------------------------+
; Post-Synthesis Netlist Statistics for Top Partition ;
+-----------------------+-----------------------------+
; Type                  ; Count                       ;
+-----------------------+-----------------------------+
; boundary_port         ; 32                          ;
; cycloneiii_ff         ; 47                          ;
;     CLR               ; 47                          ;
; cycloneiii_lcell_comb ; 93                          ;
;     arith             ; 13                          ;
;         2 data inputs ; 13                          ;
;     normal            ; 80                          ;
;         0 data inputs ; 2                           ;
;         1 data inputs ; 3                           ;
;         2 data inputs ; 19                          ;
;         3 data inputs ; 10                          ;
;         4 data inputs ; 46                          ;
;                       ;                             ;
; Max LUT depth         ; 4.00                        ;
; Average LUT depth     ; 2.83                        ;
+-----------------------+-----------------------------+


+-------------------------------+
; Elapsed Time Per Partition    ;
+----------------+--------------+
; Partition Name ; Elapsed Time ;
+----------------+--------------+
; Top            ; 00:00:01     ;
+----------------+--------------+


+-------------------------------+
; Analysis & Synthesis Messages ;
+-------------------------------+
Info: *******************************************************************
Info: Running Quartus Prime Analysis & Synthesis
    Info: Version 18.1.0 Build 625 09/12/2018 SJ Lite Edition
    Info: Processing started: Fri May 24 11:30:45 2019
Info: Command: quartus_map --read_settings_files=on --write_settings_files=off stop_watch_top -c stop_watch_top
Warning (18236): Number of processors has not been specified which may cause overloading on shared machines.  Set the global assignment NUM_PARALLEL_PROCESSORS in your QSF to an appropriate value for best performance.
Info (20030): Parallel compilation is enabled and will use 4 of the 4 processors detected
Info (12021): Found 2 design units, including 1 entities, in source file /users/mbin9/documents/vscode/vhdl-design/11th-week/excrecize/stop_watch/src/sw_input.vhd
    Info (12022): Found design unit 1: sw_input-BEHAVE File: C:/Users/mbin9/Documents/VScode/vhdl-design/11th-week/excrecize/stop_watch/src/sw_input.vhd Line: 12
    Info (12023): Found entity 1: sw_input File: C:/Users/mbin9/Documents/VScode/vhdl-design/11th-week/excrecize/stop_watch/src/sw_input.vhd Line: 5
Info (12021): Found 2 design units, including 1 entities, in source file /users/mbin9/documents/vscode/vhdl-design/11th-week/excrecize/stop_watch/src/stop_watch_top.vhd
    Info (12022): Found design unit 1: stop_watch_top-STRUCT File: C:/Users/mbin9/Documents/VScode/vhdl-design/11th-week/excrecize/stop_watch/src/stop_watch_top.vhd Line: 16
    Info (12023): Found entity 1: stop_watch_top File: C:/Users/mbin9/Documents/VScode/vhdl-design/11th-week/excrecize/stop_watch/src/stop_watch_top.vhd Line: 5
Info (12021): Found 2 design units, including 1 entities, in source file /users/mbin9/documents/vscode/vhdl-design/11th-week/excrecize/stop_watch/src/state_m.vhd
    Info (12022): Found design unit 1: state_m-BEHAVE File: C:/Users/mbin9/Documents/VScode/vhdl-design/11th-week/excrecize/stop_watch/src/state_m.vhd Line: 14
    Info (12023): Found entity 1: state_m File: C:/Users/mbin9/Documents/VScode/vhdl-design/11th-week/excrecize/stop_watch/src/state_m.vhd Line: 5
Info (12021): Found 2 design units, including 1 entities, in source file /users/mbin9/documents/vscode/vhdl-design/11th-week/excrecize/stop_watch/src/seg_drv.vhd
    Info (12022): Found design unit 1: seg_drv-BEHAVE File: C:/Users/mbin9/Documents/VScode/vhdl-design/11th-week/excrecize/stop_watch/src/seg_drv.vhd Line: 10
    Info (12023): Found entity 1: seg_drv File: C:/Users/mbin9/Documents/VScode/vhdl-design/11th-week/excrecize/stop_watch/src/seg_drv.vhd Line: 5
Info (12021): Found 2 design units, including 1 entities, in source file /users/mbin9/documents/vscode/vhdl-design/11th-week/excrecize/stop_watch/src/cnt.vhd
    Info (12022): Found design unit 1: cnt-BEHAVE File: C:/Users/mbin9/Documents/VScode/vhdl-design/11th-week/excrecize/stop_watch/src/cnt.vhd Line: 16
    Info (12023): Found entity 1: cnt File: C:/Users/mbin9/Documents/VScode/vhdl-design/11th-week/excrecize/stop_watch/src/cnt.vhd Line: 5
Info (12127): Elaborating entity "stop_watch_top" for the top level hierarchy
Info (12128): Elaborating entity "sw_input" for hierarchy "sw_input:SW_INPUT_START" File: C:/Users/mbin9/Documents/VScode/vhdl-design/11th-week/excrecize/stop_watch/src/stop_watch_top.vhd Line: 62
Info (12128): Elaborating entity "state_m" for hierarchy "state_m:STATE_M_0" File: C:/Users/mbin9/Documents/VScode/vhdl-design/11th-week/excrecize/stop_watch/src/stop_watch_top.vhd Line: 74
Info (12128): Elaborating entity "cnt" for hierarchy "cnt:CNT_0" File: C:/Users/mbin9/Documents/VScode/vhdl-design/11th-week/excrecize/stop_watch/src/stop_watch_top.vhd Line: 81
Info (12128): Elaborating entity "seg_drv" for hierarchy "seg_drv:SEG_DRV_10S" File: C:/Users/mbin9/Documents/VScode/vhdl-design/11th-week/excrecize/stop_watch/src/stop_watch_top.vhd Line: 90
Info (286030): Timing-Driven Synthesis is running
Info (13000): Registers with preset signals will power-up high File: C:/Users/mbin9/Documents/VScode/vhdl-design/11th-week/excrecize/stop_watch/src/sw_input.vhd Line: 9
Info (13003): DEV_CLRn pin will set, and not reset, register with preset signal due to NOT Gate Push-Back
Warning (13024): Output pins are stuck at VCC or GND
    Warning (13410): Pin "SEG_OUT_10S[0]" is stuck at GND File: C:/Users/mbin9/Documents/VScode/vhdl-design/11th-week/excrecize/stop_watch/src/stop_watch_top.vhd Line: 10
    Warning (13410): Pin "SEG_OUT_10S[1]" is stuck at GND File: C:/Users/mbin9/Documents/VScode/vhdl-design/11th-week/excrecize/stop_watch/src/stop_watch_top.vhd Line: 10
    Warning (13410): Pin "SEG_OUT_10S[2]" is stuck at GND File: C:/Users/mbin9/Documents/VScode/vhdl-design/11th-week/excrecize/stop_watch/src/stop_watch_top.vhd Line: 10
    Warning (13410): Pin "SEG_OUT_10S[3]" is stuck at GND File: C:/Users/mbin9/Documents/VScode/vhdl-design/11th-week/excrecize/stop_watch/src/stop_watch_top.vhd Line: 10
    Warning (13410): Pin "SEG_OUT_10S[4]" is stuck at GND File: C:/Users/mbin9/Documents/VScode/vhdl-design/11th-week/excrecize/stop_watch/src/stop_watch_top.vhd Line: 10
    Warning (13410): Pin "SEG_OUT_10S[5]" is stuck at GND File: C:/Users/mbin9/Documents/VScode/vhdl-design/11th-week/excrecize/stop_watch/src/stop_watch_top.vhd Line: 10
    Warning (13410): Pin "SEG_OUT_10S[6]" is stuck at VCC File: C:/Users/mbin9/Documents/VScode/vhdl-design/11th-week/excrecize/stop_watch/src/stop_watch_top.vhd Line: 10
Info (128000): Starting physical synthesis optimizations for speed
Critical Warning (332012): Synopsys Design Constraints File file not found: 'stop_watch_top.sdc'. A Synopsys Design Constraints File is required by the Timing Analyzer to get proper timing constraints. Without it, the Compiler will not properly optimize the design.
Info (332144): No user constrained base clocks found in the design
Info (332143): No user constrained clock uncertainty found in the design. Calling "derive_clock_uncertainty"
Info (332154): The derive_clock_uncertainty command did not apply clock uncertainty to any clock-to-clock transfers.
Info (332130): Timing requirements not specified -- quality metrics such as performance may be sacrificed to reduce compilation time.
Info (128002): Starting physical synthesis algorithm register retiming
Info (128003): Physical synthesis algorithm register retiming complete: estimated slack improvement of 510 ps
Info (128002): Starting physical synthesis algorithm combinational resynthesis using boolean division
Info (128003): Physical synthesis algorithm combinational resynthesis using boolean division complete: estimated slack improvement of 0 ps
Info (128001): Physical synthesis optimizations for speed complete: elapsed time is 00:00:01
Info (16010): Generating hard_block partition "hard_block:auto_generated_inst"
    Info (16011): Adding 0 node(s), including 0 DDIO, 0 PLL, 0 transceiver and 0 LCELL
Info (21057): Implemented 135 device resources after synthesis - the final resource count might be different
    Info (21058): Implemented 4 input pins
    Info (21059): Implemented 28 output pins
    Info (21061): Implemented 103 logic cells
Info: Quartus Prime Analysis & Synthesis was successful. 0 errors, 10 warnings
    Info: Peak virtual memory: 4908 megabytes
    Info: Processing ended: Fri May 24 11:31:05 2019
    Info: Elapsed time: 00:00:20
    Info: Total CPU time (on all processors): 00:00:43


